{"__type":"$$EventMessageAudit","id":"35fb1597-579d-4286-ab08-3f589e2cc169","ts":"2025-11-03T11:29:15.723+00:00","eventName":"n8n.audit.workflow.updated","message":"n8n.audit.workflow.updated","payload":{"userId":"7fb6d519-fb25-43ee-a4f1-7228ee6901bd","_email":"sasandilantha12@gmail.com","_firstName":"Sasan","_lastName":"Dilantha","globalRole":"global:owner","workflowId":"AE24ywc0ofVpADH7","workflowName":"post_publish_workflow"}}
{"__type":"$$EventMessageConfirm","confirm":"35fb1597-579d-4286-ab08-3f589e2cc169","ts":"2025-11-03T11:29:15.727+00:00","source":{"id":"0","name":"eventBus"}}
{"__type":"$$EventMessageAudit","id":"e37bbb95-d441-47d4-a772-e212d0653999","ts":"2025-11-03T06:30:00.892-05:00","eventName":"n8n.audit.user.credentials.updated","message":"n8n.audit.user.credentials.updated","payload":{"userId":"7fb6d519-fb25-43ee-a4f1-7228ee6901bd","_email":"sasandilantha12@gmail.com","_firstName":"Sasan","_lastName":"Dilantha","globalRole":"global:owner","credentialType":"whatsAppApi","credentialId":"XYjisXIJYgPpszRH"}}
{"__type":"$$EventMessageConfirm","confirm":"e37bbb95-d441-47d4-a772-e212d0653999","ts":"2025-11-03T06:30:00.892-05:00","source":{"id":"0","name":"eventBus"}}
{"__type":"$$EventMessageAudit","id":"1c189bd0-ac8a-41c0-86d4-c654233a843a","ts":"2025-11-03T06:32:09.404-05:00","eventName":"n8n.audit.user.credentials.updated","message":"n8n.audit.user.credentials.updated","payload":{"userId":"7fb6d519-fb25-43ee-a4f1-7228ee6901bd","_email":"sasandilantha12@gmail.com","_firstName":"Sasan","_lastName":"Dilantha","globalRole":"global:owner","credentialType":"whatsAppApi","credentialId":"XYjisXIJYgPpszRH"}}
{"__type":"$$EventMessageConfirm","confirm":"1c189bd0-ac8a-41c0-86d4-c654233a843a","ts":"2025-11-03T06:32:09.405-05:00","source":{"id":"0","name":"eventBus"}}
{"__type":"$$EventMessageAudit","id":"3f0ed0d8-34b1-4f18-9cff-8bf9acb690ad","ts":"2025-11-03T06:33:03.062-05:00","eventName":"n8n.audit.user.credentials.created","message":"n8n.audit.user.credentials.created","payload":{"userId":"7fb6d519-fb25-43ee-a4f1-7228ee6901bd","_email":"sasandilantha12@gmail.com","_firstName":"Sasan","_lastName":"Dilantha","globalRole":"global:owner","credentialType":"httpBearerAuth","credentialId":"ENgN8F3sfIFfTH5y","publicApi":false,"projectId":"vGkHVt2PKndIKrLN","projectType":"personal"}}
{"__type":"$$EventMessageConfirm","confirm":"3f0ed0d8-34b1-4f18-9cff-8bf9acb690ad","ts":"2025-11-03T06:33:03.063-05:00","source":{"id":"0","name":"eventBus"}}
{"__type":"$$EventMessageAudit","id":"9b356b33-b76c-4c86-a1c1-75c80c3e7e12","ts":"2025-11-03T06:33:47.159-05:00","eventName":"n8n.audit.user.credentials.updated","message":"n8n.audit.user.credentials.updated","payload":{"userId":"7fb6d519-fb25-43ee-a4f1-7228ee6901bd","_email":"sasandilantha12@gmail.com","_firstName":"Sasan","_lastName":"Dilantha","globalRole":"global:owner","credentialType":"httpBearerAuth","credentialId":"ENgN8F3sfIFfTH5y"}}
{"__type":"$$EventMessageConfirm","confirm":"9b356b33-b76c-4c86-a1c1-75c80c3e7e12","ts":"2025-11-03T06:33:47.160-05:00","source":{"id":"0","name":"eventBus"}}
{"__type":"$$EventMessageWorkflow","id":"951c8d73-b09c-4f7e-bcec-4f2de97302e6","ts":"2025-11-03T06:39:37.509-05:00","eventName":"n8n.workflow.started","message":"n8n.workflow.started","payload":{"executionId":"198","workflowId":"AE24ywc0ofVpADH7","isManual":false,"workflowName":"post_publish_workflow"}}
{"__type":"$$EventMessageConfirm","confirm":"951c8d73-b09c-4f7e-bcec-4f2de97302e6","ts":"2025-11-03T06:39:37.522-05:00","source":{"id":"0","name":"eventBus"}}
{"__type":"$$EventMessageNode","id":"52c3e2f6-d252-460c-a130-5e093bda379b","ts":"2025-11-03T06:39:37.528-05:00","eventName":"n8n.node.started","message":"n8n.node.started","payload":{"workflowId":"AE24ywc0ofVpADH7","workflowName":"post_publish_workflow","executionId":"198","nodeType":"n8n-nodes-base.whatsAppTrigger","nodeName":"WhatsApp Trigger","nodeId":"b96848a6-27b6-4409-84ad-f03950c03278"}}
{"__type":"$$EventMessageConfirm","confirm":"52c3e2f6-d252-460c-a130-5e093bda379b","ts":"2025-11-03T06:39:37.528-05:00","source":{"id":"0","name":"eventBus"}}
{"__type":"$$EventMessageNode","id":"b0c9bfe2-b081-4317-b6fc-88298cc511ae","ts":"2025-11-03T06:39:37.538-05:00","eventName":"n8n.node.finished","message":"n8n.node.finished","payload":{"workflowId":"AE24ywc0ofVpADH7","workflowName":"post_publish_workflow","executionId":"198","nodeType":"n8n-nodes-base.whatsAppTrigger","nodeName":"WhatsApp Trigger","nodeId":"b96848a6-27b6-4409-84ad-f03950c03278"}}
{"__type":"$$EventMessageConfirm","confirm":"b0c9bfe2-b081-4317-b6fc-88298cc511ae","ts":"2025-11-03T06:39:37.538-05:00","source":{"id":"0","name":"eventBus"}}
{"__type":"$$EventMessageNode","id":"6290c074-3682-4e1b-a667-9f3fcfacb691","ts":"2025-11-03T06:39:37.540-05:00","eventName":"n8n.node.started","message":"n8n.node.started","payload":{"workflowId":"AE24ywc0ofVpADH7","workflowName":"post_publish_workflow","executionId":"198","nodeType":"n8n-nodes-base.if","nodeName":"If input have image","nodeId":"159c1ec1-d119-4680-8b3e-133ec3a8fc3f"}}
{"__type":"$$EventMessageConfirm","confirm":"6290c074-3682-4e1b-a667-9f3fcfacb691","ts":"2025-11-03T06:39:37.540-05:00","source":{"id":"0","name":"eventBus"}}
{"__type":"$$EventMessageNode","id":"dd6ec764-acda-4175-a553-24c7435b5207","ts":"2025-11-03T06:39:37.552-05:00","eventName":"n8n.node.finished","message":"n8n.node.finished","payload":{"workflowId":"AE24ywc0ofVpADH7","workflowName":"post_publish_workflow","executionId":"198","nodeType":"n8n-nodes-base.if","nodeName":"If input have image","nodeId":"159c1ec1-d119-4680-8b3e-133ec3a8fc3f"}}
{"__type":"$$EventMessageConfirm","confirm":"dd6ec764-acda-4175-a553-24c7435b5207","ts":"2025-11-03T06:39:37.552-05:00","source":{"id":"0","name":"eventBus"}}
{"__type":"$$EventMessageNode","id":"d94f45f2-8052-4011-9a68-d193f53f3485","ts":"2025-11-03T06:39:37.553-05:00","eventName":"n8n.node.started","message":"n8n.node.started","payload":{"workflowId":"AE24ywc0ofVpADH7","workflowName":"post_publish_workflow","executionId":"198","nodeType":"n8n-nodes-base.if","nodeName":"If have image caption","nodeId":"fd21a11b-5e0f-4ec2-9f5c-d0d5fe389be5"}}
{"__type":"$$EventMessageConfirm","confirm":"d94f45f2-8052-4011-9a68-d193f53f3485","ts":"2025-11-03T06:39:37.553-05:00","source":{"id":"0","name":"eventBus"}}
{"__type":"$$EventMessageNode","id":"787ed1a6-8cea-4e62-bec9-82bc7a56082f","ts":"2025-11-03T06:39:37.559-05:00","eventName":"n8n.node.finished","message":"n8n.node.finished","payload":{"workflowId":"AE24ywc0ofVpADH7","workflowName":"post_publish_workflow","executionId":"198","nodeType":"n8n-nodes-base.if","nodeName":"If have image caption","nodeId":"fd21a11b-5e0f-4ec2-9f5c-d0d5fe389be5"}}
{"__type":"$$EventMessageConfirm","confirm":"787ed1a6-8cea-4e62-bec9-82bc7a56082f","ts":"2025-11-03T06:39:37.559-05:00","source":{"id":"0","name":"eventBus"}}
{"__type":"$$EventMessageNode","id":"0afc8c41-4b65-42f1-b979-4e82fd024568","ts":"2025-11-03T06:39:37.560-05:00","eventName":"n8n.node.started","message":"n8n.node.started","payload":{"workflowId":"AE24ywc0ofVpADH7","workflowName":"post_publish_workflow","executionId":"198","nodeType":"n8n-nodes-base.httpRequest","nodeName":"HTTP Request","nodeId":"9fb7fe61-2dbd-42a8-8fac-1ebb551a855b"}}
{"__type":"$$EventMessageConfirm","confirm":"0afc8c41-4b65-42f1-b979-4e82fd024568","ts":"2025-11-03T06:39:37.560-05:00","source":{"id":"0","name":"eventBus"}}
{"__type":"$$EventMessageNode","id":"539f08be-6de5-4cdb-8c20-8390413475e1","ts":"2025-11-03T06:39:38.461-05:00","eventName":"n8n.node.finished","message":"n8n.node.finished","payload":{"workflowId":"AE24ywc0ofVpADH7","workflowName":"post_publish_workflow","executionId":"198","nodeType":"n8n-nodes-base.httpRequest","nodeName":"HTTP Request","nodeId":"9fb7fe61-2dbd-42a8-8fac-1ebb551a855b"}}
{"__type":"$$EventMessageConfirm","confirm":"539f08be-6de5-4cdb-8c20-8390413475e1","ts":"2025-11-03T06:39:38.462-05:00","source":{"id":"0","name":"eventBus"}}
{"__type":"$$EventMessageWorkflow","id":"dade6e19-07cc-4cd4-a647-e321076dcb4e","ts":"2025-11-03T06:39:38.581-05:00","eventName":"n8n.workflow.success","message":"n8n.workflow.success","payload":{"executionId":"198","success":true,"isManual":true,"workflowId":"AE24ywc0ofVpADH7","workflowName":"post_publish_workflow"}}
{"__type":"$$EventMessageConfirm","confirm":"dade6e19-07cc-4cd4-a647-e321076dcb4e","ts":"2025-11-03T06:39:38.581-05:00","source":{"id":"0","name":"eventBus"}}
{"__type":"$$EventMessageWorkflow","id":"2c799e7c-ef52-4a27-9807-d7e4b62db1a3","ts":"2025-11-03T06:41:23.783-05:00","eventName":"n8n.workflow.started","message":"n8n.workflow.started","payload":{"executionId":"199","workflowId":"AE24ywc0ofVpADH7","isManual":false,"workflowName":"post_publish_workflow"}}
{"__type":"$$EventMessageConfirm","confirm":"2c799e7c-ef52-4a27-9807-d7e4b62db1a3","ts":"2025-11-03T06:41:23.786-05:00","source":{"id":"0","name":"eventBus"}}
{"__type":"$$EventMessageNode","id":"789ef993-07c4-4453-b193-1baa84ff6b57","ts":"2025-11-03T06:41:23.788-05:00","eventName":"n8n.node.started","message":"n8n.node.started","payload":{"workflowId":"AE24ywc0ofVpADH7","workflowName":"post_publish_workflow","executionId":"199","nodeType":"n8n-nodes-base.extractFromFile","nodeName":"Extract from File","nodeId":"16dd33af-40ee-47bc-8cff-34ee9a957dc5"}}
{"__type":"$$EventMessageConfirm","confirm":"789ef993-07c4-4453-b193-1baa84ff6b57","ts":"2025-11-03T06:41:23.788-05:00","source":{"id":"0","name":"eventBus"}}
{"__type":"$$EventMessageNode","id":"b6320ae8-852b-4f30-92ce-0b59970b479d","ts":"2025-11-03T06:41:23.811-05:00","eventName":"n8n.node.finished","message":"n8n.node.finished","payload":{"workflowId":"AE24ywc0ofVpADH7","workflowName":"post_publish_workflow","executionId":"199","nodeType":"n8n-nodes-base.extractFromFile","nodeName":"Extract from File","nodeId":"16dd33af-40ee-47bc-8cff-34ee9a957dc5"}}
{"__type":"$$EventMessageConfirm","confirm":"b6320ae8-852b-4f30-92ce-0b59970b479d","ts":"2025-11-03T06:41:23.812-05:00","source":{"id":"0","name":"eventBus"}}
{"__type":"$$EventMessageWorkflow","id":"96df3f23-cfa7-41c7-91ad-3108325675b1","ts":"2025-11-03T06:41:23.826-05:00","eventName":"n8n.workflow.success","message":"n8n.workflow.success","payload":{"userId":"7fb6d519-fb25-43ee-a4f1-7228ee6901bd","executionId":"199","success":true,"isManual":true,"workflowId":"AE24ywc0ofVpADH7","workflowName":"post_publish_workflow"}}
{"__type":"$$EventMessageConfirm","confirm":"96df3f23-cfa7-41c7-91ad-3108325675b1","ts":"2025-11-03T06:41:23.827-05:00","source":{"id":"0","name":"eventBus"}}
{"__type":"$$EventMessageWorkflow","id":"037d3e65-fb83-4cd3-9e19-232fc5555e5c","ts":"2025-11-03T06:42:18.807-05:00","eventName":"n8n.workflow.started","message":"n8n.workflow.started","payload":{"executionId":"200","workflowId":"AE24ywc0ofVpADH7","isManual":false,"workflowName":"post_publish_workflow"}}
{"__type":"$$EventMessageConfirm","confirm":"037d3e65-fb83-4cd3-9e19-232fc5555e5c","ts":"2025-11-03T06:42:18.808-05:00","source":{"id":"0","name":"eventBus"}}
{"__type":"$$EventMessageNode","id":"f284abe3-1234-4c7d-a1ab-6b2ebbec7669","ts":"2025-11-03T06:42:18.809-05:00","eventName":"n8n.node.started","message":"n8n.node.started","payload":{"workflowId":"AE24ywc0ofVpADH7","workflowName":"post_publish_workflow","executionId":"200","nodeType":"n8n-nodes-base.convertToFile","nodeName":"Convert to File","nodeId":"a426129a-34ca-48d3-abfb-e8ada665e764"}}
{"__type":"$$EventMessageConfirm","confirm":"f284abe3-1234-4c7d-a1ab-6b2ebbec7669","ts":"2025-11-03T06:42:18.809-05:00","source":{"id":"0","name":"eventBus"}}
{"__type":"$$EventMessageNode","id":"d89cff0f-d888-430f-b354-61f7cc93ec5d","ts":"2025-11-03T06:42:18.820-05:00","eventName":"n8n.node.finished","message":"n8n.node.finished","payload":{"workflowId":"AE24ywc0ofVpADH7","workflowName":"post_publish_workflow","executionId":"200","nodeType":"n8n-nodes-base.convertToFile","nodeName":"Convert to File","nodeId":"a426129a-34ca-48d3-abfb-e8ada665e764"}}
{"__type":"$$EventMessageConfirm","confirm":"d89cff0f-d888-430f-b354-61f7cc93ec5d","ts":"2025-11-03T06:42:18.820-05:00","source":{"id":"0","name":"eventBus"}}
{"__type":"$$EventMessageWorkflow","id":"b254511a-20aa-4485-9004-e5930b8881af","ts":"2025-11-03T06:42:18.827-05:00","eventName":"n8n.workflow.success","message":"n8n.workflow.success","payload":{"userId":"7fb6d519-fb25-43ee-a4f1-7228ee6901bd","executionId":"200","success":true,"isManual":true,"workflowId":"AE24ywc0ofVpADH7","workflowName":"post_publish_workflow"}}
{"__type":"$$EventMessageConfirm","confirm":"b254511a-20aa-4485-9004-e5930b8881af","ts":"2025-11-03T06:42:18.827-05:00","source":{"id":"0","name":"eventBus"}}
{"__type":"$$EventMessageWorkflow","id":"96b6db15-aefe-492a-88aa-3f6963a3817f","ts":"2025-11-03T07:38:17.028-05:00","eventName":"n8n.workflow.started","message":"n8n.workflow.started","payload":{"executionId":"201","workflowId":"AE24ywc0ofVpADH7","isManual":false,"workflowName":"post_publish_workflow"}}
{"__type":"$$EventMessageConfirm","confirm":"96b6db15-aefe-492a-88aa-3f6963a3817f","ts":"2025-11-03T07:38:17.035-05:00","source":{"id":"0","name":"eventBus"}}
{"__type":"$$EventMessageNode","id":"b98df544-3d7d-496d-bae3-4a4de7ac0dff","ts":"2025-11-03T07:38:17.050-05:00","eventName":"n8n.node.started","message":"n8n.node.started","payload":{"workflowId":"AE24ywc0ofVpADH7","workflowName":"post_publish_workflow","executionId":"201","nodeType":"n8n-nodes-base.httpRequest","nodeName":"HTTP Request1","nodeId":"90f37bcd-8538-4968-82f1-3b1ec5883b13"}}
{"__type":"$$EventMessageConfirm","confirm":"b98df544-3d7d-496d-bae3-4a4de7ac0dff","ts":"2025-11-03T07:38:17.051-05:00","source":{"id":"0","name":"eventBus"}}
{"__type":"$$EventMessageNode","id":"2297660d-cc80-43ae-bffe-9c78c22845ed","ts":"2025-11-03T07:38:18.283-05:00","eventName":"n8n.node.finished","message":"n8n.node.finished","payload":{"workflowId":"AE24ywc0ofVpADH7","workflowName":"post_publish_workflow","executionId":"201","nodeType":"n8n-nodes-base.httpRequest","nodeName":"HTTP Request1","nodeId":"90f37bcd-8538-4968-82f1-3b1ec5883b13"}}
{"__type":"$$EventMessageConfirm","confirm":"2297660d-cc80-43ae-bffe-9c78c22845ed","ts":"2025-11-03T07:38:18.284-05:00","source":{"id":"0","name":"eventBus"}}
{"__type":"$$EventMessageWorkflow","id":"8efb4c45-16d2-4d88-9010-8f0075d71b2d","ts":"2025-11-03T07:38:18.328-05:00","eventName":"n8n.workflow.failed","message":"n8n.workflow.failed","payload":{"userId":"7fb6d519-fb25-43ee-a4f1-7228ee6901bd","executionId":"201","success":false,"isManual":true,"workflowId":"AE24ywc0ofVpADH7","workflowName":"post_publish_workflow","lastNodeExecuted":"HTTP Request1","errorNodeType":"n8n-nodes-base.httpRequest","errorMessage":"Authorization failed - please check your credentials"}}
{"__type":"$$EventMessageConfirm","confirm":"8efb4c45-16d2-4d88-9010-8f0075d71b2d","ts":"2025-11-03T07:38:18.329-05:00","source":{"id":"0","name":"eventBus"}}
{"__type":"$$EventMessageWorkflow","id":"c5824fd1-1192-41b1-9e7d-eeb04d78b522","ts":"2025-11-03T07:38:32.140-05:00","eventName":"n8n.workflow.started","message":"n8n.workflow.started","payload":{"executionId":"202","workflowId":"AE24ywc0ofVpADH7","isManual":false,"workflowName":"post_publish_workflow"}}
{"__type":"$$EventMessageConfirm","confirm":"c5824fd1-1192-41b1-9e7d-eeb04d78b522","ts":"2025-11-03T07:38:32.141-05:00","source":{"id":"0","name":"eventBus"}}
{"__type":"$$EventMessageNode","id":"13a144eb-4744-4385-a030-6c941b50919b","ts":"2025-11-03T07:38:32.142-05:00","eventName":"n8n.node.started","message":"n8n.node.started","payload":{"workflowId":"AE24ywc0ofVpADH7","workflowName":"post_publish_workflow","executionId":"202","nodeType":"n8n-nodes-base.httpRequest","nodeName":"HTTP Request1","nodeId":"90f37bcd-8538-4968-82f1-3b1ec5883b13"}}
{"__type":"$$EventMessageConfirm","confirm":"13a144eb-4744-4385-a030-6c941b50919b","ts":"2025-11-03T07:38:32.142-05:00","source":{"id":"0","name":"eventBus"}}
{"__type":"$$EventMessageNode","id":"c14120c4-2555-4cd9-ba5f-7efa9d5955e8","ts":"2025-11-03T07:38:32.701-05:00","eventName":"n8n.node.finished","message":"n8n.node.finished","payload":{"workflowId":"AE24ywc0ofVpADH7","workflowName":"post_publish_workflow","executionId":"202","nodeType":"n8n-nodes-base.httpRequest","nodeName":"HTTP Request1","nodeId":"90f37bcd-8538-4968-82f1-3b1ec5883b13"}}
{"__type":"$$EventMessageConfirm","confirm":"c14120c4-2555-4cd9-ba5f-7efa9d5955e8","ts":"2025-11-03T07:38:32.702-05:00","source":{"id":"0","name":"eventBus"}}
{"__type":"$$EventMessageWorkflow","id":"9be68550-3e45-455f-9d75-315ce6f13a84","ts":"2025-11-03T07:38:32.705-05:00","eventName":"n8n.workflow.failed","message":"n8n.workflow.failed","payload":{"userId":"7fb6d519-fb25-43ee-a4f1-7228ee6901bd","executionId":"202","success":false,"isManual":true,"workflowId":"AE24ywc0ofVpADH7","workflowName":"post_publish_workflow","lastNodeExecuted":"HTTP Request1","errorNodeType":"n8n-nodes-base.httpRequest","errorMessage":"The resource you are requesting could not be found"}}
{"__type":"$$EventMessageConfirm","confirm":"9be68550-3e45-455f-9d75-315ce6f13a84","ts":"2025-11-03T07:38:32.705-05:00","source":{"id":"0","name":"eventBus"}}
{"__type":"$$EventMessageWorkflow","id":"b980a117-7d77-4105-b9ae-dfbf22c8d6cf","ts":"2025-11-03T07:39:26.724-05:00","eventName":"n8n.workflow.started","message":"n8n.workflow.started","payload":{"executionId":"203","workflowId":"AE24ywc0ofVpADH7","isManual":false,"workflowName":"post_publish_workflow"}}
{"__type":"$$EventMessageConfirm","confirm":"b980a117-7d77-4105-b9ae-dfbf22c8d6cf","ts":"2025-11-03T07:39:26.724-05:00","source":{"id":"0","name":"eventBus"}}
{"__type":"$$EventMessageNode","id":"e10d9cdf-0f44-40a7-8da3-676db873d9f7","ts":"2025-11-03T07:39:26.726-05:00","eventName":"n8n.node.started","message":"n8n.node.started","payload":{"workflowId":"AE24ywc0ofVpADH7","workflowName":"post_publish_workflow","executionId":"203","nodeType":"n8n-nodes-base.httpRequest","nodeName":"HTTP Request","nodeId":"9fb7fe61-2dbd-42a8-8fac-1ebb551a855b"}}
{"__type":"$$EventMessageConfirm","confirm":"e10d9cdf-0f44-40a7-8da3-676db873d9f7","ts":"2025-11-03T07:39:26.726-05:00","source":{"id":"0","name":"eventBus"}}
{"__type":"$$EventMessageNode","id":"f0f51888-5456-40d3-a7ca-7967dae0b2a7","ts":"2025-11-03T07:39:27.612-05:00","eventName":"n8n.node.finished","message":"n8n.node.finished","payload":{"workflowId":"AE24ywc0ofVpADH7","workflowName":"post_publish_workflow","executionId":"203","nodeType":"n8n-nodes-base.httpRequest","nodeName":"HTTP Request","nodeId":"9fb7fe61-2dbd-42a8-8fac-1ebb551a855b"}}
{"__type":"$$EventMessageConfirm","confirm":"f0f51888-5456-40d3-a7ca-7967dae0b2a7","ts":"2025-11-03T07:39:27.613-05:00","source":{"id":"0","name":"eventBus"}}
{"__type":"$$EventMessageWorkflow","id":"21a42706-5787-4ea2-953e-d8bf6b048472","ts":"2025-11-03T07:39:27.623-05:00","eventName":"n8n.workflow.success","message":"n8n.workflow.success","payload":{"userId":"7fb6d519-fb25-43ee-a4f1-7228ee6901bd","executionId":"203","success":true,"isManual":true,"workflowId":"AE24ywc0ofVpADH7","workflowName":"post_publish_workflow"}}
{"__type":"$$EventMessageConfirm","confirm":"21a42706-5787-4ea2-953e-d8bf6b048472","ts":"2025-11-03T07:39:27.629-05:00","source":{"id":"0","name":"eventBus"}}
{"__type":"$$EventMessageWorkflow","id":"6be23f67-ef0d-48cd-8c97-376de3c69f97","ts":"2025-11-03T07:41:20.504-05:00","eventName":"n8n.workflow.started","message":"n8n.workflow.started","payload":{"executionId":"204","workflowId":"AE24ywc0ofVpADH7","isManual":false,"workflowName":"post_publish_workflow"}}
{"__type":"$$EventMessageConfirm","confirm":"6be23f67-ef0d-48cd-8c97-376de3c69f97","ts":"2025-11-03T07:41:20.505-05:00","source":{"id":"0","name":"eventBus"}}
{"__type":"$$EventMessageNode","id":"688fa48d-8216-4c1f-98eb-3a2a0341c014","ts":"2025-11-03T07:41:20.508-05:00","eventName":"n8n.node.started","message":"n8n.node.started","payload":{"workflowId":"AE24ywc0ofVpADH7","workflowName":"post_publish_workflow","executionId":"204","nodeType":"n8n-nodes-base.httpRequest","nodeName":"HTTP Request","nodeId":"9fb7fe61-2dbd-42a8-8fac-1ebb551a855b"}}
{"__type":"$$EventMessageConfirm","confirm":"688fa48d-8216-4c1f-98eb-3a2a0341c014","ts":"2025-11-03T07:41:20.508-05:00","source":{"id":"0","name":"eventBus"}}
{"__type":"$$EventMessageNode","id":"44270de1-60b2-4a22-8936-7288069fe5de","ts":"2025-11-03T07:41:21.738-05:00","eventName":"n8n.node.finished","message":"n8n.node.finished","payload":{"workflowId":"AE24ywc0ofVpADH7","workflowName":"post_publish_workflow","executionId":"204","nodeType":"n8n-nodes-base.httpRequest","nodeName":"HTTP Request","nodeId":"9fb7fe61-2dbd-42a8-8fac-1ebb551a855b"}}
{"__type":"$$EventMessageConfirm","confirm":"44270de1-60b2-4a22-8936-7288069fe5de","ts":"2025-11-03T07:41:21.738-05:00","source":{"id":"0","name":"eventBus"}}
{"__type":"$$EventMessageWorkflow","id":"4823f0eb-ed49-41ba-ad4e-1c1133f33c33","ts":"2025-11-03T07:41:21.748-05:00","eventName":"n8n.workflow.success","message":"n8n.workflow.success","payload":{"userId":"7fb6d519-fb25-43ee-a4f1-7228ee6901bd","executionId":"204","success":true,"isManual":true,"workflowId":"AE24ywc0ofVpADH7","workflowName":"post_publish_workflow"}}
{"__type":"$$EventMessageConfirm","confirm":"4823f0eb-ed49-41ba-ad4e-1c1133f33c33","ts":"2025-11-03T07:41:21.748-05:00","source":{"id":"0","name":"eventBus"}}
{"__type":"$$EventMessageAudit","id":"a9af9739-e899-4eb7-ae9b-cad6e4b8e629","ts":"2025-11-03T08:43:43.787-05:00","eventName":"n8n.audit.workflow.updated","message":"n8n.audit.workflow.updated","payload":{"userId":"7fb6d519-fb25-43ee-a4f1-7228ee6901bd","_email":"sasandilantha12@gmail.com","_firstName":"Sasan","_lastName":"Dilantha","globalRole":"global:owner","workflowId":"AE24ywc0ofVpADH7","workflowName":"post_publish_workflow"}}
{"__type":"$$EventMessageConfirm","confirm":"a9af9739-e899-4eb7-ae9b-cad6e4b8e629","ts":"2025-11-03T08:43:43.795-05:00","source":{"id":"0","name":"eventBus"}}
